// Jest Snapshot v1, https://goo.gl/fbAQLP

exports[`Tests on AddCategory component should render <AddCategory /> properly 1`] = `
<form
  onSubmit={[Function]}
>
  <span
    className="hidden"
  />
  <input
    onChange={[Function]}
    type="text"
    value=""
  />
</form>
`;
