// Jest Snapshot v1, https://goo.gl/fbAQLP

exports[`Testing GifGridItem should render <GifGridItem /> properly 1`] = `
<div
  className="card animate__animated animate__fadeIn"
>
  <img
    alt="test"
    src="test_url"
  />
  <p>
    test
  </p>
</div>
`;
