// Jest Snapshot v1, https://goo.gl/fbAQLP

exports[`Testing GifExpertApp component should render <GifExpertApp /> properly 1`] = `
<Fragment>
  <h2>
    GifExpertApp
  </h2>
  <AddCategory
    setCategories={[Function]}
  />
  <hr />
</Fragment>
`;
